START 1/45 inner/mixed/stats_mlp/fold0
{"bank": "inner/mixed/stats_mlp/fold0", "step": 512, "seconds": 0.16}
{"bank": "inner/mixed/stats_mlp/fold0", "step": 2048, "seconds": 0.59}
{"bank": "inner/mixed/stats_mlp/fold0", "step": 8192, "seconds": 2.27}
START 2/45 inner/mixed/stats_mlp/fold1
{"bank": "inner/mixed/stats_mlp/fold1", "step": 512, "seconds": 0.14}
{"bank": "inner/mixed/stats_mlp/fold1", "step": 2048, "seconds": 0.56}
{"bank": "inner/mixed/stats_mlp/fold1", "step": 8192, "seconds": 2.24}
START 3/45 inner/mixed/stats_mlp/fold2
{"bank": "inner/mixed/stats_mlp/fold2", "step": 512, "seconds": 0.14}
{"bank": "inner/mixed/stats_mlp/fold2", "step": 2048, "seconds": 0.56}
{"bank": "inner/mixed/stats_mlp/fold2", "step": 8192, "seconds": 2.24}
START 4/45 inner/mixed/patch_mlp/fold0
{"bank": "inner/mixed/patch_mlp/fold0", "step": 512, "seconds": 0.58}
{"bank": "inner/mixed/patch_mlp/fold0", "step": 2048, "seconds": 2.33}
{"bank": "inner/mixed/patch_mlp/fold0", "step": 8192, "seconds": 9.36}
START 5/45 inner/mixed/patch_mlp/fold1
{"bank": "inner/mixed/patch_mlp/fold1", "step": 512, "seconds": 0.58}
{"bank": "inner/mixed/patch_mlp/fold1", "step": 2048, "seconds": 2.34}
{"bank": "inner/mixed/patch_mlp/fold1", "step": 8192, "seconds": 9.37}
START 6/45 inner/mixed/patch_mlp/fold2
{"bank": "inner/mixed/patch_mlp/fold2", "step": 512, "seconds": 0.58}
{"bank": "inner/mixed/patch_mlp/fold2", "step": 2048, "seconds": 2.34}
{"bank": "inner/mixed/patch_mlp/fold2", "step": 8192, "seconds": 9.38}
START 7/45 inner/mixed/recur_soft/fold0
{"bank": "inner/mixed/recur_soft/fold0", "step": 512, "seconds": 1.56}
{"bank": "inner/mixed/recur_soft/fold0", "step": 2048, "seconds": 6.25}
{"bank": "inner/mixed/recur_soft/fold0", "step": 8192, "seconds": 25.06}
START 8/45 inner/mixed/recur_soft/fold1
{"bank": "inner/mixed/recur_soft/fold1", "step": 512, "seconds": 1.57}
{"bank": "inner/mixed/recur_soft/fold1", "step": 2048, "seconds": 6.28}
{"bank": "inner/mixed/recur_soft/fold1", "step": 8192, "seconds": 25.11}
START 9/45 inner/mixed/recur_soft/fold2
{"bank": "inner/mixed/recur_soft/fold2", "step": 512, "seconds": 1.57}
{"bank": "inner/mixed/recur_soft/fold2", "step": 2048, "seconds": 6.28}
{"bank": "inner/mixed/recur_soft/fold2", "step": 8192, "seconds": 25.12}
START 10/45 inner/mixed/recur_top16/fold0
{"bank": "inner/mixed/recur_top16/fold0", "step": 512, "seconds": 1.59}
{"bank": "inner/mixed/recur_top16/fold0", "step": 2048, "seconds": 6.38}
{"bank": "inner/mixed/recur_top16/fold0", "step": 8192, "seconds": 25.51}
START 11/45 inner/mixed/recur_top16/fold1
{"bank": "inner/mixed/recur_top16/fold1", "step": 512, "seconds": 1.59}
{"bank": "inner/mixed/recur_top16/fold1", "step": 2048, "seconds": 6.37}
{"bank": "inner/mixed/recur_top16/fold1", "step": 8192, "seconds": 25.48}
START 12/45 inner/mixed/recur_top16/fold2
{"bank": "inner/mixed/recur_top16/fold2", "step": 512, "seconds": 1.59}
{"bank": "inner/mixed/recur_top16/fold2", "step": 2048, "seconds": 6.37}
{"bank": "inner/mixed/recur_top16/fold2", "step": 8192, "seconds": 25.48}
START 13/45 inner/mixed/recur_dynamic/fold0
{"bank": "inner/mixed/recur_dynamic/fold0", "step": 512, "seconds": 1.63}
{"bank": "inner/mixed/recur_dynamic/fold0", "step": 2048, "seconds": 6.53}
{"bank": "inner/mixed/recur_dynamic/fold0", "step": 8192, "seconds": 26.12}
START 14/45 inner/mixed/recur_dynamic/fold1
{"bank": "inner/mixed/recur_dynamic/fold1", "step": 512, "seconds": 1.63}
{"bank": "inner/mixed/recur_dynamic/fold1", "step": 2048, "seconds": 6.53}
{"bank": "inner/mixed/recur_dynamic/fold1", "step": 8192, "seconds": 26.11}
START 15/45 inner/mixed/recur_dynamic/fold2
{"bank": "inner/mixed/recur_dynamic/fold2", "step": 512, "seconds": 1.63}
{"bank": "inner/mixed/recur_dynamic/fold2", "step": 2048, "seconds": 6.53}
{"bank": "inner/mixed/recur_dynamic/fold2", "step": 8192, "seconds": 26.12}
START 16/45 inner/slr_to_ipod/stats_mlp/fold0
{"bank": "inner/slr_to_ipod/stats_mlp/fold0", "step": 512, "seconds": 0.14}
{"bank": "inner/slr_to_ipod/stats_mlp/fold0", "step": 2048, "seconds": 0.56}
{"bank": "inner/slr_to_ipod/stats_mlp/fold0", "step": 8192, "seconds": 2.25}
START 17/45 inner/slr_to_ipod/stats_mlp/fold1
{"bank": "inner/slr_to_ipod/stats_mlp/fold1", "step": 512, "seconds": 0.14}
{"bank": "inner/slr_to_ipod/stats_mlp/fold1", "step": 2048, "seconds": 0.56}
{"bank": "inner/slr_to_ipod/stats_mlp/fold1", "step": 8192, "seconds": 2.25}
START 18/45 inner/slr_to_ipod/stats_mlp/fold2
{"bank": "inner/slr_to_ipod/stats_mlp/fold2", "step": 512, "seconds": 0.14}
{"bank": "inner/slr_to_ipod/stats_mlp/fold2", "step": 2048, "seconds": 0.56}
{"bank": "inner/slr_to_ipod/stats_mlp/fold2", "step": 8192, "seconds": 2.25}
START 19/45 inner/slr_to_ipod/patch_mlp/fold0
{"bank": "inner/slr_to_ipod/patch_mlp/fold0", "step": 512, "seconds": 0.58}
{"bank": "inner/slr_to_ipod/patch_mlp/fold0", "step": 2048, "seconds": 2.34}
{"bank": "inner/slr_to_ipod/patch_mlp/fold0", "step": 8192, "seconds": 9.35}
START 20/45 inner/slr_to_ipod/patch_mlp/fold1
{"bank": "inner/slr_to_ipod/patch_mlp/fold1", "step": 512, "seconds": 0.58}
{"bank": "inner/slr_to_ipod/patch_mlp/fold1", "step": 2048, "seconds": 2.33}
{"bank": "inner/slr_to_ipod/patch_mlp/fold1", "step": 8192, "seconds": 9.34}
START 21/45 inner/slr_to_ipod/patch_mlp/fold2
{"bank": "inner/slr_to_ipod/patch_mlp/fold2", "step": 512, "seconds": 0.58}
{"bank": "inner/slr_to_ipod/patch_mlp/fold2", "step": 2048, "seconds": 2.34}
{"bank": "inner/slr_to_ipod/patch_mlp/fold2", "step": 8192, "seconds": 9.36}
START 22/45 inner/slr_to_ipod/recur_soft/fold0
{"bank": "inner/slr_to_ipod/recur_soft/fold0", "step": 512, "seconds": 1.56}
{"bank": "inner/slr_to_ipod/recur_soft/fold0", "step": 2048, "seconds": 6.24}
{"bank": "inner/slr_to_ipod/recur_soft/fold0", "step": 8192, "seconds": 24.97}
START 23/45 inner/slr_to_ipod/recur_soft/fold1
{"bank": "inner/slr_to_ipod/recur_soft/fold1", "step": 512, "seconds": 1.56}
{"bank": "inner/slr_to_ipod/recur_soft/fold1", "step": 2048, "seconds": 6.24}
{"bank": "inner/slr_to_ipod/recur_soft/fold1", "step": 8192, "seconds": 24.95}
START 24/45 inner/slr_to_ipod/recur_soft/fold2
{"bank": "inner/slr_to_ipod/recur_soft/fold2", "step": 512, "seconds": 1.56}
{"bank": "inner/slr_to_ipod/recur_soft/fold2", "step": 2048, "seconds": 6.25}
{"bank": "inner/slr_to_ipod/recur_soft/fold2", "step": 8192, "seconds": 24.99}
START 25/45 inner/slr_to_ipod/recur_top16/fold0
{"bank": "inner/slr_to_ipod/recur_top16/fold0", "step": 512, "seconds": 1.59}
{"bank": "inner/slr_to_ipod/recur_top16/fold0", "step": 2048, "seconds": 6.36}
{"bank": "inner/slr_to_ipod/recur_top16/fold0", "step": 8192, "seconds": 25.46}
START 26/45 inner/slr_to_ipod/recur_top16/fold1
{"bank": "inner/slr_to_ipod/recur_top16/fold1", "step": 512, "seconds": 1.59}
{"bank": "inner/slr_to_ipod/recur_top16/fold1", "step": 2048, "seconds": 6.36}
{"bank": "inner/slr_to_ipod/recur_top16/fold1", "step": 8192, "seconds": 25.45}
START 27/45 inner/slr_to_ipod/recur_top16/fold2
{"bank": "inner/slr_to_ipod/recur_top16/fold2", "step": 512, "seconds": 1.59}
{"bank": "inner/slr_to_ipod/recur_top16/fold2", "step": 2048, "seconds": 6.36}
{"bank": "inner/slr_to_ipod/recur_top16/fold2", "step": 8192, "seconds": 25.45}
START 28/45 inner/slr_to_ipod/recur_dynamic/fold0
{"bank": "inner/slr_to_ipod/recur_dynamic/fold0", "step": 512, "seconds": 1.63}
{"bank": "inner/slr_to_ipod/recur_dynamic/fold0", "step": 2048, "seconds": 6.53}
{"bank": "inner/slr_to_ipod/recur_dynamic/fold0", "step": 8192, "seconds": 26.13}
START 29/45 inner/slr_to_ipod/recur_dynamic/fold1
{"bank": "inner/slr_to_ipod/recur_dynamic/fold1", "step": 512, "seconds": 1.63}
{"bank": "inner/slr_to_ipod/recur_dynamic/fold1", "step": 2048, "seconds": 6.53}
{"bank": "inner/slr_to_ipod/recur_dynamic/fold1", "step": 8192, "seconds": 26.11}
START 30/45 inner/slr_to_ipod/recur_dynamic/fold2
{"bank": "inner/slr_to_ipod/recur_dynamic/fold2", "step": 512, "seconds": 1.63}
{"bank": "inner/slr_to_ipod/recur_dynamic/fold2", "step": 2048, "seconds": 6.52}
{"bank": "inner/slr_to_ipod/recur_dynamic/fold2", "step": 8192, "seconds": 26.09}
START 31/45 inner/ipod_to_slr/stats_mlp/fold0
{"bank": "inner/ipod_to_slr/stats_mlp/fold0", "step": 512, "seconds": 0.14}
{"bank": "inner/ipod_to_slr/stats_mlp/fold0", "step": 2048, "seconds": 0.56}
{"bank": "inner/ipod_to_slr/stats_mlp/fold0", "step": 8192, "seconds": 2.24}
START 32/45 inner/ipod_to_slr/stats_mlp/fold1
{"bank": "inner/ipod_to_slr/stats_mlp/fold1", "step": 512, "seconds": 0.14}
{"bank": "inner/ipod_to_slr/stats_mlp/fold1", "step": 2048, "seconds": 0.56}
{"bank": "inner/ipod_to_slr/stats_mlp/fold1", "step": 8192, "seconds": 2.24}
START 33/45 inner/ipod_to_slr/stats_mlp/fold2
{"bank": "inner/ipod_to_slr/stats_mlp/fold2", "step": 512, "seconds": 0.14}
{"bank": "inner/ipod_to_slr/stats_mlp/fold2", "step": 2048, "seconds": 0.56}
{"bank": "inner/ipod_to_slr/stats_mlp/fold2", "step": 8192, "seconds": 2.24}
START 34/45 inner/ipod_to_slr/patch_mlp/fold0
{"bank": "inner/ipod_to_slr/patch_mlp/fold0", "step": 512, "seconds": 0.58}
{"bank": "inner/ipod_to_slr/patch_mlp/fold0", "step": 2048, "seconds": 2.34}
{"bank": "inner/ipod_to_slr/patch_mlp/fold0", "step": 8192, "seconds": 9.37}
START 35/45 inner/ipod_to_slr/patch_mlp/fold1
{"bank": "inner/ipod_to_slr/patch_mlp/fold1", "step": 512, "seconds": 0.58}
{"bank": "inner/ipod_to_slr/patch_mlp/fold1", "step": 2048, "seconds": 2.34}
{"bank": "inner/ipod_to_slr/patch_mlp/fold1", "step": 8192, "seconds": 9.37}
START 36/45 inner/ipod_to_slr/patch_mlp/fold2
{"bank": "inner/ipod_to_slr/patch_mlp/fold2", "step": 512, "seconds": 0.58}
{"bank": "inner/ipod_to_slr/patch_mlp/fold2", "step": 2048, "seconds": 2.34}
{"bank": "inner/ipod_to_slr/patch_mlp/fold2", "step": 8192, "seconds": 9.37}
START 37/45 inner/ipod_to_slr/recur_soft/fold0
{"bank": "inner/ipod_to_slr/recur_soft/fold0", "step": 512, "seconds": 1.56}
{"bank": "inner/ipod_to_slr/recur_soft/fold0", "step": 2048, "seconds": 6.24}
{"bank": "inner/ipod_to_slr/recur_soft/fold0", "step": 8192, "seconds": 24.98}
START 38/45 inner/ipod_to_slr/recur_soft/fold1
{"bank": "inner/ipod_to_slr/recur_soft/fold1", "step": 512, "seconds": 1.56}
{"bank": "inner/ipod_to_slr/recur_soft/fold1", "step": 2048, "seconds": 6.25}
{"bank": "inner/ipod_to_slr/recur_soft/fold1", "step": 8192, "seconds": 24.99}
START 39/45 inner/ipod_to_slr/recur_soft/fold2
{"bank": "inner/ipod_to_slr/recur_soft/fold2", "step": 512, "seconds": 1.56}
{"bank": "inner/ipod_to_slr/recur_soft/fold2", "step": 2048, "seconds": 6.25}
{"bank": "inner/ipod_to_slr/recur_soft/fold2", "step": 8192, "seconds": 24.99}
START 40/45 inner/ipod_to_slr/recur_top16/fold0
{"bank": "inner/ipod_to_slr/recur_top16/fold0", "step": 512, "seconds": 1.59}
{"bank": "inner/ipod_to_slr/recur_top16/fold0", "step": 2048, "seconds": 6.36}
{"bank": "inner/ipod_to_slr/recur_top16/fold0", "step": 8192, "seconds": 25.45}
START 41/45 inner/ipod_to_slr/recur_top16/fold1
{"bank": "inner/ipod_to_slr/recur_top16/fold1", "step": 512, "seconds": 1.59}
{"bank": "inner/ipod_to_slr/recur_top16/fold1", "step": 2048, "seconds": 6.36}
{"bank": "inner/ipod_to_slr/recur_top16/fold1", "step": 8192, "seconds": 25.47}
START 42/45 inner/ipod_to_slr/recur_top16/fold2
{"bank": "inner/ipod_to_slr/recur_top16/fold2", "step": 512, "seconds": 1.59}
{"bank": "inner/ipod_to_slr/recur_top16/fold2", "step": 2048, "seconds": 6.37}
{"bank": "inner/ipod_to_slr/recur_top16/fold2", "step": 8192, "seconds": 25.46}
START 43/45 inner/ipod_to_slr/recur_dynamic/fold0
{"bank": "inner/ipod_to_slr/recur_dynamic/fold0", "step": 512, "seconds": 1.63}
{"bank": "inner/ipod_to_slr/recur_dynamic/fold0", "step": 2048, "seconds": 6.52}
{"bank": "inner/ipod_to_slr/recur_dynamic/fold0", "step": 8192, "seconds": 26.09}
START 44/45 inner/ipod_to_slr/recur_dynamic/fold1
{"bank": "inner/ipod_to_slr/recur_dynamic/fold1", "step": 512, "seconds": 1.63}
{"bank": "inner/ipod_to_slr/recur_dynamic/fold1", "step": 2048, "seconds": 6.52}
{"bank": "inner/ipod_to_slr/recur_dynamic/fold1", "step": 8192, "seconds": 26.1}
START 45/45 inner/ipod_to_slr/recur_dynamic/fold2
{"bank": "inner/ipod_to_slr/recur_dynamic/fold2", "step": 512, "seconds": 1.63}
{"bank": "inner/ipod_to_slr/recur_dynamic/fold2", "step": 2048, "seconds": 6.52}
{"bank": "inner/ipod_to_slr/recur_dynamic/fold2", "step": 8192, "seconds": 26.09}
SELECTION LOCKED 86e7a96c30391fc5e9957d056bcd8ff65898819f14550e48875b2f5426ea22a6
START 1/15 final/mixed/stats_mlp
{"bank": "final/mixed/stats_mlp", "step": 512, "seconds": 0.13}
START 2/15 final/mixed/patch_mlp
{"bank": "final/mixed/patch_mlp", "step": 512, "seconds": 0.47}
START 3/15 final/mixed/recur_soft
{"bank": "final/mixed/recur_soft", "step": 512, "seconds": 1.11}
START 4/15 final/mixed/recur_top16
{"bank": "final/mixed/recur_top16", "step": 512, "seconds": 1.14}
START 5/15 final/mixed/recur_dynamic
{"bank": "final/mixed/recur_dynamic", "step": 512, "seconds": 1.17}
START 6/15 final/slr_to_ipod/stats_mlp
{"bank": "final/slr_to_ipod/stats_mlp", "step": 512, "seconds": 0.12}
START 7/15 final/slr_to_ipod/patch_mlp
{"bank": "final/slr_to_ipod/patch_mlp", "step": 512, "seconds": 0.47}
START 8/15 final/slr_to_ipod/recur_soft
{"bank": "final/slr_to_ipod/recur_soft", "step": 512, "seconds": 1.12}
START 9/15 final/slr_to_ipod/recur_top16
{"bank": "final/slr_to_ipod/recur_top16", "step": 512, "seconds": 1.14}
START 10/15 final/slr_to_ipod/recur_dynamic
{"bank": "final/slr_to_ipod/recur_dynamic", "step": 512, "seconds": 1.16}
START 11/15 final/ipod_to_slr/stats_mlp
{"bank": "final/ipod_to_slr/stats_mlp", "step": 512, "seconds": 0.12}
START 12/15 final/ipod_to_slr/patch_mlp
{"bank": "final/ipod_to_slr/patch_mlp", "step": 512, "seconds": 0.47}
START 13/15 final/ipod_to_slr/recur_soft
{"bank": "final/ipod_to_slr/recur_soft", "step": 512, "seconds": 1.11}
START 14/15 final/ipod_to_slr/recur_top16
{"bank": "final/ipod_to_slr/recur_top16", "step": 512, "seconds": 1.14}
START 15/15 final/ipod_to_slr/recur_dynamic
{"bank": "final/ipod_to_slr/recur_dynamic", "step": 512, "seconds": 1.16}
EVALUATED mixed
EVALUATED slr_to_ipod
EVALUATED ipod_to_slr
