HR AUDIT INNER mixed patch_small wide 0 maxLab 5.704485644741908e-06
HR AUDIT INNER mixed patch_small wide 1 maxLab 6.191011152623105e-06
HR AUDIT INNER mixed patch_small wide 2 maxLab 4.023909220052246e-06
HR AUDIT INNER mixed patch_small linear 0 maxLab 5.969340953981828e-06
HR AUDIT INNER mixed patch_small linear 1 maxLab 6.06461146901438e-06
HR AUDIT INNER mixed patch_small linear 2 maxLab 3.5499281807460648e-06
HR AUDIT INNER mixed patch5m wide 0 maxLab 6.51539402696244e-06
HR AUDIT INNER mixed patch5m wide 1 maxLab 6.272384140970644e-06
HR AUDIT INNER mixed patch5m wide 2 maxLab 3.878765156173358e-06
HR AUDIT INNER mixed patch5m linear 0 maxLab 7.463200972779305e-06
HR AUDIT INNER mixed patch5m linear 1 maxLab 6.201058923238634e-06
HR AUDIT INNER mixed patch5m linear 2 maxLab 3.8114204059525036e-06
HR AUDIT INNER mixed soft_small wide 0 maxLab 5.988951841118251e-06
HR AUDIT INNER mixed soft_small wide 1 maxLab 6.649060807717433e-06
HR AUDIT INNER mixed soft_small wide 2 maxLab 5.381652378844137e-06
HR AUDIT INNER mixed soft_small linear 0 maxLab 7.914289483323955e-06
HR AUDIT INNER mixed soft_small linear 1 maxLab 6.4888024269293965e-06
HR AUDIT INNER mixed soft_small linear 2 maxLab 4.073394791248575e-06
HR AUDIT INNER mixed soft5m wide 0 maxLab 7.043146837304448e-06
HR AUDIT INNER mixed soft5m wide 1 maxLab 7.30866992881829e-06
HR AUDIT INNER mixed soft5m wide 2 maxLab 4.912909354004569e-06
HR AUDIT INNER mixed soft5m linear 0 maxLab 8.733414162520603e-06
HR AUDIT INNER mixed soft5m linear 1 maxLab 1.440743121605692e-05
HR AUDIT INNER mixed soft5m linear 2 maxLab 5.215433610317177e-06
HR AUDIT INNER mixed dynamic_small wide 0 maxLab 8.49935717894823e-06
HR AUDIT INNER mixed dynamic_small wide 1 maxLab 6.5225335816876395e-06
HR AUDIT INNER mixed dynamic_small wide 2 maxLab 4.833038545370982e-06
HR AUDIT INNER mixed dynamic_small linear 0 maxLab 7.610323443429934e-06
HR AUDIT INNER mixed dynamic_small linear 1 maxLab 6.5178691670553235e-06
HR AUDIT INNER mixed dynamic_small linear 2 maxLab 4.525675834088361e-06
HR AUDIT INNER mixed dynamic5m wide 0 maxLab 6.902312506440467e-06
HR AUDIT INNER mixed dynamic5m wide 1 maxLab 7.321455981923464e-06
HR AUDIT INNER mixed dynamic5m wide 2 maxLab 4.869982788591187e-06
HR AUDIT INNER mixed dynamic5m linear 0 maxLab 7.262111715533592e-06
HR AUDIT INNER mixed dynamic5m linear 1 maxLab 7.108641298714247e-06
HR AUDIT INNER mixed dynamic5m linear 2 maxLab 9.426399770973148e-06
HR AUDIT INNER mixed pool5m wide 0 maxLab 6.239250396333773e-06
HR AUDIT INNER mixed pool5m wide 1 maxLab 5.881216893044439e-06
HR AUDIT INNER mixed pool5m wide 2 maxLab 3.770635494504404e-06
HR AUDIT INNER mixed pool5m linear 0 maxLab 5.771985541969116e-06
HR AUDIT INNER mixed pool5m linear 1 maxLab 6.962387438136375e-06
HR AUDIT INNER mixed pool5m linear 2 maxLab 3.854441942507947e-06
HR AUDIT FINAL mixed patch_small__wide maxLab 4.094163671197748e-06
HR AUDIT FINAL mixed patch_small__linear maxLab 4.076357527083019e-06
HR AUDIT FINAL mixed patch5m__wide maxLab 4.296036692608141e-06
HR AUDIT FINAL mixed patch5m__linear maxLab 4.06019672993807e-06
HR AUDIT FINAL mixed soft_small__wide maxLab 6.373926591862755e-06
HR AUDIT FINAL mixed soft_small__linear maxLab 4.750507343942445e-06
HR AUDIT FINAL mixed soft5m__wide maxLab 4.788550526768631e-06
HR AUDIT FINAL mixed soft5m__linear maxLab 5.312636560006467e-06
HR AUDIT FINAL mixed dynamic_small__wide maxLab 6.387804816654352e-06
HR AUDIT FINAL mixed dynamic_small__linear maxLab 4.820233090896409e-06
HR AUDIT FINAL mixed dynamic5m__wide maxLab 5.09508933532743e-06
HR AUDIT FINAL mixed dynamic5m__linear maxLab 5.148480685335244e-06
HR AUDIT FINAL mixed pool5m__wide maxLab 4.6354079401567105e-06
HR AUDIT FINAL mixed pool5m__linear maxLab 3.758632146855234e-06
HR AUDIT INNER slr_to_ipod patch_small wide 0 maxLab 6.652158006659192e-06
HR AUDIT INNER slr_to_ipod patch_small wide 1 maxLab 5.6799085186298726e-06
HR AUDIT INNER slr_to_ipod patch_small wide 2 maxLab 3.6283057482933145e-06
HR AUDIT INNER slr_to_ipod patch_small linear 0 maxLab 6.651774711485814e-06
HR AUDIT INNER slr_to_ipod patch_small linear 1 maxLab 6.131890842198118e-06
HR AUDIT INNER slr_to_ipod patch_small linear 2 maxLab 3.629305126651161e-06
HR AUDIT INNER slr_to_ipod patch5m wide 0 maxLab 7.383037107899781e-06
HR AUDIT INNER slr_to_ipod patch5m wide 1 maxLab 5.997833056881063e-06
HR AUDIT INNER slr_to_ipod patch5m wide 2 maxLab 5.427003344493642e-06
HR AUDIT INNER slr_to_ipod patch5m linear 0 maxLab 7.079199122017599e-06
HR AUDIT INNER slr_to_ipod patch5m linear 1 maxLab 8.664201118335768e-06
HR AUDIT INNER slr_to_ipod patch5m linear 2 maxLab 4.3353536369750145e-06
HR AUDIT INNER slr_to_ipod soft_small wide 0 maxLab 7.487042594789273e-06
HR AUDIT INNER slr_to_ipod soft_small wide 1 maxLab 9.216546352774913e-06
HR AUDIT INNER slr_to_ipod soft_small wide 2 maxLab 3.966836302993215e-06
HR AUDIT INNER slr_to_ipod soft_small linear 0 maxLab 8.12105963632348e-06
HR AUDIT INNER slr_to_ipod soft_small linear 1 maxLab 7.867677837225528e-06
HR AUDIT INNER slr_to_ipod soft_small linear 2 maxLab 4.508329126906574e-06
HR AUDIT INNER slr_to_ipod soft5m wide 0 maxLab 1.0918118938718635e-05
HR AUDIT INNER slr_to_ipod soft5m wide 1 maxLab 6.417519912815806e-06
HR AUDIT INNER slr_to_ipod soft5m wide 2 maxLab 8.243002966423774e-06
HR AUDIT INNER slr_to_ipod soft5m linear 0 maxLab 7.5559973815586545e-06
HR AUDIT INNER slr_to_ipod soft5m linear 1 maxLab 7.160416664930835e-06
HR AUDIT INNER slr_to_ipod soft5m linear 2 maxLab 4.2633487566945405e-06
HR AUDIT INNER slr_to_ipod dynamic_small wide 0 maxLab 8.22218328977442e-06
HR AUDIT INNER slr_to_ipod dynamic_small wide 1 maxLab 7.95106284101621e-06
HR AUDIT INNER slr_to_ipod dynamic_small wide 2 maxLab 4.27779498579639e-06
HR AUDIT INNER slr_to_ipod dynamic_small linear 0 maxLab 8.229913436963443e-06
HR AUDIT INNER slr_to_ipod dynamic_small linear 1 maxLab 7.577035390227138e-06
HR AUDIT INNER slr_to_ipod dynamic_small linear 2 maxLab 4.599434063834451e-06
HR AUDIT INNER slr_to_ipod dynamic5m wide 0 maxLab 7.340617059981014e-06
HR AUDIT INNER slr_to_ipod dynamic5m wide 1 maxLab 1.2106491141139486e-05
HR AUDIT INNER slr_to_ipod dynamic5m wide 2 maxLab 9.430575573787792e-06
HR AUDIT INNER slr_to_ipod dynamic5m linear 0 maxLab 8.782699037368502e-06
HR AUDIT INNER slr_to_ipod dynamic5m linear 1 maxLab 9.198599364879101e-06
HR AUDIT INNER slr_to_ipod dynamic5m linear 2 maxLab 9.672596675613931e-06
HR AUDIT INNER slr_to_ipod pool5m wide 0 maxLab 6.8300183215797006e-06
HR AUDIT INNER slr_to_ipod pool5m wide 1 maxLab 5.939308302060908e-06
HR AUDIT INNER slr_to_ipod pool5m wide 2 maxLab 3.804056120770838e-06
HR AUDIT INNER slr_to_ipod pool5m linear 0 maxLab 6.928381885984436e-06
HR AUDIT INNER slr_to_ipod pool5m linear 1 maxLab 5.659733858465188e-06
HR AUDIT INNER slr_to_ipod pool5m linear 2 maxLab 4.03858292941095e-06
HR AUDIT FINAL slr_to_ipod patch_small__wide maxLab 3.0575617273598255e-06
HR AUDIT FINAL slr_to_ipod patch_small__linear maxLab 3.0571638518495092e-06
HR AUDIT FINAL slr_to_ipod patch5m__wide maxLab 3.0643023691823146e-06
HR AUDIT FINAL slr_to_ipod patch5m__linear maxLab 3.051421160193968e-06
HR AUDIT FINAL slr_to_ipod soft_small__wide maxLab 3.8066456937713156e-06
HR AUDIT FINAL slr_to_ipod soft_small__linear maxLab 3.8060604907741435e-06
HR AUDIT FINAL slr_to_ipod soft5m__wide maxLab 3.844794719043421e-06
HR AUDIT FINAL slr_to_ipod soft5m__linear maxLab 3.898532469293059e-06
HR AUDIT FINAL slr_to_ipod dynamic_small__wide maxLab 3.7338130027819716e-06
HR AUDIT FINAL slr_to_ipod dynamic_small__linear maxLab 3.7340047072120797e-06
HR AUDIT FINAL slr_to_ipod dynamic5m__wide maxLab 4.38299961302846e-06
HR AUDIT FINAL slr_to_ipod dynamic5m__linear maxLab 4.634290291960497e-06
HR AUDIT FINAL slr_to_ipod pool5m__wide maxLab 4.94240860859918e-06
HR AUDIT FINAL slr_to_ipod pool5m__linear maxLab 4.213055895263551e-06
HR AUDIT INNER ipod_to_slr patch_small wide 0 maxLab 4.848732146456314e-06
HR AUDIT INNER ipod_to_slr patch_small wide 1 maxLab 9.090081547924456e-06
HR AUDIT INNER ipod_to_slr patch_small wide 2 maxLab 5.1454354377256095e-06
HR AUDIT INNER ipod_to_slr patch_small linear 0 maxLab 4.960880104931675e-06
HR AUDIT INNER ipod_to_slr patch_small linear 1 maxLab 1.0215850284822636e-05
HR AUDIT INNER ipod_to_slr patch_small linear 2 maxLab 5.327400799615134e-06
HR AUDIT INNER ipod_to_slr patch5m wide 0 maxLab 5.2705915081219246e-06
HR AUDIT INNER ipod_to_slr patch5m wide 1 maxLab 9.936569153268238e-06
HR AUDIT INNER ipod_to_slr patch5m wide 2 maxLab 5.054367349544009e-06
HR AUDIT INNER ipod_to_slr patch5m linear 0 maxLab 4.935448615128735e-06
HR AUDIT INNER ipod_to_slr patch5m linear 1 maxLab 1.0443735725118586e-05
HR AUDIT INNER ipod_to_slr patch5m linear 2 maxLab 5.020015038326164e-06
HR AUDIT INNER ipod_to_slr soft_small wide 0 maxLab 6.835105622826632e-06
HR AUDIT INNER ipod_to_slr soft_small wide 1 maxLab 1.1091397428941718e-05
HR AUDIT INNER ipod_to_slr soft_small wide 2 maxLab 6.686779741471582e-06
HR AUDIT INNER ipod_to_slr soft_small linear 0 maxLab 6.742481538424272e-06
HR AUDIT INNER ipod_to_slr soft_small linear 1 maxLab 1.2379234394899186e-05
HR AUDIT INNER ipod_to_slr soft_small linear 2 maxLab 6.34284305078836e-06
HR AUDIT INNER ipod_to_slr soft5m wide 0 maxLab 6.5540419100784675e-06
HR AUDIT INNER ipod_to_slr soft5m wide 1 maxLab 1.1987769994448172e-05
HR AUDIT INNER ipod_to_slr soft5m wide 2 maxLab 5.39628096873912e-06
HR AUDIT INNER ipod_to_slr soft5m linear 0 maxLab 7.168016985303893e-06
HR AUDIT INNER ipod_to_slr soft5m linear 1 maxLab 1.1062526979799259e-05
HR AUDIT INNER ipod_to_slr soft5m linear 2 maxLab 6.538429914826338e-06
HR AUDIT INNER ipod_to_slr dynamic_small wide 0 maxLab 5.996203867653094e-06
HR AUDIT INNER ipod_to_slr dynamic_small wide 1 maxLab 1.0772572679229597e-05
HR AUDIT INNER ipod_to_slr dynamic_small wide 2 maxLab 5.963065035530235e-06
HR AUDIT INNER ipod_to_slr dynamic_small linear 0 maxLab 6.715400445500563e-06
HR AUDIT INNER ipod_to_slr dynamic_small linear 1 maxLab 1.2498782904657446e-05
HR AUDIT INNER ipod_to_slr dynamic_small linear 2 maxLab 6.098342453242367e-06
HR AUDIT INNER ipod_to_slr dynamic5m wide 0 maxLab 6.021953339541142e-06
HR AUDIT INNER ipod_to_slr dynamic5m wide 1 maxLab 9.76879590552926e-06
HR AUDIT INNER ipod_to_slr dynamic5m wide 2 maxLab 5.839032311882875e-06
HR AUDIT INNER ipod_to_slr dynamic5m linear 0 maxLab 5.9255446203110296e-06
HR AUDIT INNER ipod_to_slr dynamic5m linear 1 maxLab 1.161343002564763e-05
HR AUDIT INNER ipod_to_slr dynamic5m linear 2 maxLab 6.024079624467049e-06
HR AUDIT INNER ipod_to_slr pool5m wide 0 maxLab 5.550420631550423e-06
HR AUDIT INNER ipod_to_slr pool5m wide 1 maxLab 9.055495652887657e-06
HR AUDIT INNER ipod_to_slr pool5m wide 2 maxLab 5.133948832281021e-06
HR AUDIT INNER ipod_to_slr pool5m linear 0 maxLab 5.339401482729045e-06
HR AUDIT INNER ipod_to_slr pool5m linear 1 maxLab 1.057834916906586e-05
HR AUDIT INNER ipod_to_slr pool5m linear 2 maxLab 5.195535351276703e-06
HR AUDIT FINAL ipod_to_slr patch_small__wide maxLab 5.760756678796497e-06
HR AUDIT FINAL ipod_to_slr patch_small__linear maxLab 9.306745241133285e-06
HR AUDIT FINAL ipod_to_slr patch5m__wide maxLab 6.149186440040921e-06
HR AUDIT FINAL ipod_to_slr patch5m__linear maxLab 7.216519804842392e-06
HR AUDIT FINAL ipod_to_slr soft_small__wide maxLab 6.552099144130352e-06
HR AUDIT FINAL ipod_to_slr soft_small__linear maxLab 6.3114880290982e-06
HR AUDIT FINAL ipod_to_slr soft5m__wide maxLab 7.549819358132481e-06
HR AUDIT FINAL ipod_to_slr soft5m__linear maxLab 8.627335041921924e-06
HR AUDIT FINAL ipod_to_slr dynamic_small__wide maxLab 6.681297620048099e-06
HR AUDIT FINAL ipod_to_slr dynamic_small__linear maxLab 6.304682308666543e-06
HR AUDIT FINAL ipod_to_slr dynamic5m__wide maxLab 5.838659085100062e-06
HR AUDIT FINAL ipod_to_slr dynamic5m__linear maxLab 6.754195808866825e-06
HR AUDIT FINAL ipod_to_slr pool5m__wide maxLab 6.283968268405715e-06
HR AUDIT FINAL ipod_to_slr pool5m__linear maxLab 5.5499085505061885e-06
HR FULL AUDIT PASSED {'inner_banks': 126, 'inner_models': 2268, 'inner_vectors': 428400, 'candidates': 384, 'choices': 87, 'final_banks': 42, 'final_bank_payloads': 252, 'final_models': 126, 'final_vectors': 50316, 'actual_single_calls': 50316, 'inherited_candidates': 126, 'inherited_records': 81} maxLab 1.440743121605692e-05
